=== target n=11 k=5 w=6
  [pure.py 11 5 6] UNSAT 15.2s
  [degens.py 11 5 6 1 one] UNSAT 0.0s
  [degens.py 11 5 6 2 same] UNSAT 0.0s
  [degens.py 11 5 6 2 chain] UNSAT 0.0s
  [degens.py 11 5 6 2 disj] UNSAT 0.0s
  [degenr.py 11 5 6 3] UNSAT 0.6s
  [degenr.py 11 5 6 4] UNSAT 0.7s
  [degenr.py 11 5 6 5] UNSAT 0.5s
  [degenr.py 11 5 6 6] UNSAT 0.5s
  [pure.py 10 5 6] UNSAT 0.0s
  [degens.py 10 5 6 1 one] UNSAT 0.0s
  [degens.py 10 5 6 2 same] UNSAT 0.0s
  [degens.py 10 5 6 2 chain] UNSAT 0.0s
  [degens.py 10 5 6 2 disj] UNSAT 0.0s
  [degenr.py 10 5 6 3] UNSAT 0.2s
  [degenr.py 10 5 6 4] UNSAT 0.1s
  [degenr.py 10 5 6 5] UNSAT 0.2s
  [pure.py 9 5 6] UNSAT 0.0s
  [degens.py 9 5 6 1 one] UNSAT 0.0s
  [degens.py 9 5 6 2 same] UNSAT 0.0s
  [degens.py 9 5 6 2 chain] UNSAT 0.0s
  [degens.py 9 5 6 2 disj] UNSAT 0.0s
  [degenr.py 9 5 6 3] UNSAT 0.0s
  [degenr.py 9 5 6 4] UNSAT 0.1s
  [pure.py 8 5 6] UNSAT 0.0s
  [degens.py 8 5 6 1 one] UNSAT 0.0s
  [degens.py 8 5 6 2 same] UNSAT 0.0s
  [degens.py 8 5 6 2 chain] UNSAT 0.0s
  [degens.py 8 5 6 2 disj] UNSAT 0.0s
  [degenr.py 8 5 6 3] UNSAT 0.0s
  [pure.py 7 5 6] UNSAT 0.0s
  [degens.py 7 5 6 1 one] UNSAT 0.0s
  [degens.py 7 5 6 2 same] UNSAT 0.0s
  [degens.py 7 5 6 2 chain] UNSAT 0.0s
  [degens.py 7 5 6 2 disj] UNSAT 0.0s
  [degenr.py 7 5 6 3] UNSAT 0.0s
  [degenr.py 7 5 6 2] UNSAT 0.0s
  [pure.py 6 5 6] UNSAT 0.0s
  [degens.py 6 5 6 1 one] UNSAT 0.0s
RESULT n=11 k=5 w=6: NONE
